Traceback (most recent call last):
  File "C:\Users\ASUS\AppData\Local\Programs\Python\Python313\Lib\site-packages\jupyter_cache\executors\utils.py", line 58, in single_nb_execution
    executenb(
    ~~~~~~~~~^
        nb,
        ^^^
    ...<4 lines>...
        **kwargs,
        ^^^^^^^^^
    )
    ^
  File "C:\Users\ASUS\AppData\Local\Programs\Python\Python313\Lib\site-packages\nbclient\client.py", line 1323, in execute
    return NotebookClient(nb=nb, resources=resources, km=km, **kwargs).execute()
           ~~~~~~~~~~~~~~~~~~~~~~~~~~~~~~~~~~~~~~~~~~~~~~~~~~~~~~~~~~~~~~~~~~~^^
  File "C:\Users\ASUS\AppData\Local\Programs\Python\Python313\Lib\site-packages\jupyter_core\utils\__init__.py", line 165, in wrapped
    return loop.run_until_complete(inner)
           ~~~~~~~~~~~~~~~~~~~~~~~^^^^^^^
  File "C:\Users\ASUS\AppData\Local\Programs\Python\Python313\Lib\asyncio\base_events.py", line 725, in run_until_complete
    return future.result()
           ~~~~~~~~~~~~~^^
  File "C:\Users\ASUS\AppData\Local\Programs\Python\Python313\Lib\site-packages\nbclient\client.py", line 709, in async_execute
    await self.async_execute_cell(
        cell, index, execution_count=self.code_cells_executed + 1
    )
  File "C:\Users\ASUS\AppData\Local\Programs\Python\Python313\Lib\site-packages\nbclient\client.py", line 1062, in async_execute_cell
    await self._check_raise_for_error(cell, cell_index, exec_reply)
  File "C:\Users\ASUS\AppData\Local\Programs\Python\Python313\Lib\site-packages\nbclient\client.py", line 918, in _check_raise_for_error
    raise CellExecutionError.from_cell_and_msg(cell, exec_reply_content)
nbclient.exceptions.CellExecutionError: An error occurred while executing the following cell:
------------------
import pandas as pd
import numpy as np
import matplotlib.pyplot as plt

df = pd.read_csv("../../data/polutan/NO2_Timeseries.csv")
df['date'] = pd.to_datetime(df['date'])

# Hitung IQR
Q1 = df['NO2'].quantile(0.25)
Q3 = df['NO2'].quantile(0.75)
IQR = Q3 - Q1

lower_bound = Q1 - 1.5 * IQR
upper_bound = Q3 + 1.5 * IQR

# Filter outlier
outliers_iqr = df[(df['NO2'] < lower_bound) | (df['NO2'] > upper_bound)]

plt.figure(figsize=(15,5))
plt.plot(df['date'], df['NO2_filled'], label="NO2 (Interpolated)", linewidth=1)
plt.xticks(
    ticks=[df['date'].iloc[0], df['date'].iloc[-1]],
    labels=[df['date'].iloc[0].strftime('%Y-%m-%d'),
            df['date'].iloc[-1].strftime('%Y-%m-%d')]
)
plt.title("Plot Data NO2 Setelah Outlier Removal & Interpolasi")
plt.xlabel("Tanggal")
plt.ylabel("Kadar NO2")
plt.legend()
plt.tight_layout()
plt.show()
------------------


[31m---------------------------------------------------------------------------[39m
[31mKeyError[39m                                  Traceback (most recent call last)
[36mFile [39m[32m~\AppData\Local\Programs\Python\Python313\Lib\site-packages\pandas\core\indexes\base.py:3812[39m, in [36mIndex.get_loc[39m[34m(self, key)[39m
[32m   3811[39m [38;5;28;01mtry[39;00m:
[32m-> [39m[32m3812[39m     [38;5;28;01mreturn[39;00m [30;43mself[39;49m[30;43m.[39;49m[30;43m_engine[39;49m[30;43m.[39;49m[30;43mget_loc[39;49m[30;43m([39;49m[30;43mcasted_key[39;49m[30;43m)[39;49m
[32m   3813[39m [38;5;28;01mexcept[39;00m [38;5;167;01mKeyError[39;00m [38;5;28;01mas[39;00m err:

[36mFile [39m[32mpandas/_libs/index.pyx:167[39m, in [36mpandas._libs.index.IndexEngine.get_loc[39m[34m()[39m
[32m--> [39m[32m167[39m [33m'Could not get source, probably due dynamically evaluated source code.'[39m

[36mFile [39m[32mpandas/_libs/index.pyx:196[39m, in [36mpandas._libs.index.IndexEngine.get_loc[39m[34m()[39m
[32m--> [39m[32m196[39m [33m'Could not get source, probably due dynamically evaluated source code.'[39m

[36mFile [39m[32mpandas/_libs/hashtable_class_helper.pxi:7088[39m, in [36mpandas._libs.hashtable.PyObjectHashTable.get_item[39m[34m()[39m
[32m-> [39m[32m7088[39m [33m'Could not get source, probably due dynamically evaluated source code.'[39m

[36mFile [39m[32mpandas/_libs/hashtable_class_helper.pxi:7096[39m, in [36mpandas._libs.hashtable.PyObjectHashTable.get_item[39m[34m()[39m
[32m-> [39m[32m7096[39m [33m'Could not get source, probably due dynamically evaluated source code.'[39m

[31mKeyError[39m: 'NO2_filled'

The above exception was the direct cause of the following exception:

[31mKeyError[39m                                  Traceback (most recent call last)
[36mCell[39m[36m [39m[32mIn[16][39m[32m, line 20[39m
[32m     16[39m [38;5;66;03m# Filter outlier[39;00m
[32m     17[39m outliers_iqr = df[(df[[33m'NO2'[39m] < lower_bound) | (df[[33m'NO2'[39m] > upper_bound)]
[32m     18[39m 
[32m     19[39m plt.figure(figsize=([32m15[39m,[32m5[39m))
[32m---> [39m[32m20[39m plt.plot(df[[33m'date'[39m], df[[33m'NO2_filled'[39m], label=[33m"NO2 (Interpolated)"[39m, linewidth=[32m1[39m)
[32m     21[39m plt.xticks(
[32m     22[39m     ticks=[df[[33m'date'[39m].iloc[[32m0[39m], df[[33m'date'[39m].iloc[-[32m1[39m]],
[32m     23[39m     labels=[df['date'].iloc[0].strftime('%Y-%m-%d'),

[36mFile [39m[32m~\AppData\Local\Programs\Python\Python313\Lib\site-packages\pandas\core\frame.py:4113[39m, in [36mDataFrame.__getitem__[39m[34m(self, key)[39m
[32m   4109[39m 
[32m   4110[39m         [38;5;28;01mif[39;00m is_single_key:
[32m   4111[39m             [38;5;28;01mif[39;00m self.columns.nlevels > [32m1[39m:
[32m   4112[39m                 [38;5;28;01mreturn[39;00m self._getitem_multilevel(key)
[32m-> [39m[32m4113[39m             indexer = self.columns.get_loc(key)
[32m   4114[39m             [38;5;28;01mif[39;00m is_integer(indexer):
[32m   4115[39m                 indexer = [indexer]
[32m   4116[39m         [38;5;28;01melse[39;00m:

[36mFile [39m[32m~\AppData\Local\Programs\Python\Python313\Lib\site-packages\pandas\core\indexes\base.py:3819[39m, in [36mIndex.get_loc[39m[34m(self, key)[39m
[32m   3814[39m     [38;5;28;01mif[39;00m [38;5;28misinstance[39m(casted_key, [38;5;28mslice[39m) [38;5;129;01mor[39;00m (
[32m   3815[39m         [38;5;28misinstance[39m(casted_key, abc.Iterable)
[32m   3816[39m         [38;5;129;01mand[39;00m [38;5;28many[39m([38;5;28misinstance[39m(x, [38;5;28mslice[39m) [38;5;28;01mfor[39;00m x [38;5;129;01min[39;00m casted_key)
[32m   3817[39m     ):
[32m   3818[39m         [38;5;28;01mraise[39;00m InvalidIndexError(key)
[32m-> [39m[32m3819[39m     [38;5;28;01mraise[39;00m [38;5;167;01mKeyError[39;00m(key) [38;5;28;01mfrom[39;00m[38;5;250m [39m[34;01merr[39;00m
[32m   3820[39m [38;5;28;01mexcept[39;00m [38;5;167;01mTypeError[39;00m:
[32m   3821[39m     [38;5;66;03m# If we have a listlike key, _check_indexing_error will raise[39;00m
[32m   3822[39m     [38;5;66;03m#  InvalidIndexError. Otherwise we fall through and re-raise[39;00m
[32m   3823[39m     [38;5;66;03m#  the TypeError.[39;00m
[32m   3824[39m     [38;5;28mself[39m._check_indexing_error(key)

[31mKeyError[39m: 'NO2_filled'

