Traceback (most recent call last):
  File "C:\Users\ASUS\AppData\Local\Programs\Python\Python313\Lib\site-packages\jupyter_cache\executors\utils.py", line 58, in single_nb_execution
    executenb(
    ~~~~~~~~~^
        nb,
        ^^^
    ...<4 lines>...
        **kwargs,
        ^^^^^^^^^
    )
    ^
  File "C:\Users\ASUS\AppData\Local\Programs\Python\Python313\Lib\site-packages\nbclient\client.py", line 1323, in execute
    return NotebookClient(nb=nb, resources=resources, km=km, **kwargs).execute()
           ~~~~~~~~~~~~~~~~~~~~~~~~~~~~~~~~~~~~~~~~~~~~~~~~~~~~~~~~~~~~~~~~~~~^^
  File "C:\Users\ASUS\AppData\Local\Programs\Python\Python313\Lib\site-packages\jupyter_core\utils\__init__.py", line 165, in wrapped
    return loop.run_until_complete(inner)
           ~~~~~~~~~~~~~~~~~~~~~~~^^^^^^^
  File "C:\Users\ASUS\AppData\Local\Programs\Python\Python313\Lib\asyncio\base_events.py", line 725, in run_until_complete
    return future.result()
           ~~~~~~~~~~~~~^^
  File "C:\Users\ASUS\AppData\Local\Programs\Python\Python313\Lib\site-packages\nbclient\client.py", line 709, in async_execute
    await self.async_execute_cell(
        cell, index, execution_count=self.code_cells_executed + 1
    )
  File "C:\Users\ASUS\AppData\Local\Programs\Python\Python313\Lib\site-packages\nbclient\client.py", line 1062, in async_execute_cell
    await self._check_raise_for_error(cell, cell_index, exec_reply)
  File "C:\Users\ASUS\AppData\Local\Programs\Python\Python313\Lib\site-packages\nbclient\client.py", line 918, in _check_raise_for_error
    raise CellExecutionError.from_cell_and_msg(cell, exec_reply_content)
nbclient.exceptions.CellExecutionError: An error occurred while executing the following cell:
------------------
import pandas as pd
import numpy as np
from IPython.display import display

# Definisi nama file yang akan diuji
# Sesuaikan path (lokasi folder) jika file berada di folder tertentu (misal: '../../data/polutan/')
files = {
    'NO2': {'raw': '../../data/polutan/NO2_after.csv', 'tsfel': '../../data/polutan/NO2_widang_TSFEL.csv'},
    'CO':  {'raw': '../../data/polutan/CO_after.csv', 'tsfel': '../../data/polutan/CO_widang_TSFEL.csv'},
    'SO2': {'raw': '../../data/polutan/SO2_after.csv', 'tsfel': '../../data/polutan/SO2_widang_TSFEL.csv'}
}

results = []

for pol, f in files.items():
    try:
        # 1. Load Data Mentah
        df_raw = pd.read_csv(f['raw'])
        signal = df_raw[pol].dropna().values
        
        # 2. Perhitungan Manual
        # Median Absolute Deviation
        median_val = np.median(signal)
        calc_mad = np.median(np.abs(signal - median_val))
        
        # Median Absolute Difference
        calc_madiff = np.median(np.abs(np.diff(signal)))
        
        # 3. Load Data Ekstraksi TSFEL
        df_tsfel = pd.read_csv(f['tsfel'])
        tsfel_mad = df_tsfel['median_abs_deviation'].iloc[0]
        tsfel_madiff = df_tsfel['median_abs_diff'].iloc[0]
        
        # 4. Menyimpan format ke list untuk DataFrame
        results.append({
            'Polutan': pol,
            'Metrik': 'Median Abs Deviation',
            'Manual Python': f"{calc_mad:.9f}",
            'Ekstraksi TSFEL': f"{tsfel_mad:.9f}"
        })
        
        results.append({
            'Polutan': '', # Dikosongkan agar tampilan tabel lebih rapi
            'Metrik': 'Median Abs Diff',
            'Manual Python': f"{calc_madiff:.9f}",
            'Ekstraksi TSFEL': f"{tsfel_madiff:.9f}"
        })
        
    except FileNotFoundError as e:
        print(f"File tidak ditemukan untuk {pol}: {e}")

# 5. Menampilkan hasil komparasi dalam bentuk tabel
df_results = pd.DataFrame(results)
display(df_results)


4. Kesimpulan dan Analisis
Akurasi Perhitungan:
Metodologi perhitungan menggunakan fungsi dasar numpy (np.median(np.abs(signal - np.median(signal))) dan np.median(np.abs(np.diff(signal)))) terbukti memberikan hasil yang ekuivalen dengan fungsionalitas kompleks yang ditawarkan oleh library TSFEL.

Kecocokan Identik pada NO2 dan CO:
Hasil perhitungan manual untuk polutan NO2 dan CO 100% identik dengan hasil ekstraksi fitur default TSFEL hingga digit desimal yang sangat panjang (presisi floating point).

Penyimpangan Sangat Kecil pada SO2:
Pada data SO2, terdapat perbedaan yang sangat marjinal (pada kisaran ~0.000001 atau digit ke-6 di belakang koma). Perbedaan super kecil ini umumnya wajar dalam data science dan terjadi akibat perbedaan penanganan batas tipe data (float precision rounding), filter pra-pemrosesan di dalam sistem under-the-hood TSFEL, atau perbedaan handling asimtot saat windowing feature extraction diterapkan pada set data yang memiliki banyak fluktuasi mendekati angka nol.
------------------


  [36mCell[39m[36m [39m[32mIn[1][39m[32m, line 57[39m
[31m    [39m[31m4. Kesimpulan dan Analisis[39m
       ^
[31mSyntaxError[39m[31m:[39m invalid syntax


